// Jest Snapshot v1, https://goo.gl/fbAQLP

exports[`it renders and matches snapshot 1`] = `
<div>
  <table
    class="StyledDataTable-xrlyjm-0 tpKnu StyledTable-sc-1m3u5g-6 fGUmP"
  >
    <thead
      class="StyledDataTable__StyledDataTableHeader-xrlyjm-3 bAIczD StyledTable__StyledTableHeader-sc-1m3u5g-4 dHaGyd"
    >
      <tr
        class="StyledDataTable__StyledDataTableRow-xrlyjm-1 ezpFws StyledTable__StyledTableRow-sc-1m3u5g-2 kXgizX"
      />
    </thead>
    <tbody
      class="StyledDataTable__StyledDataTableBody-xrlyjm-2 hbZQKY StyledTable__StyledTableBody-sc-1m3u5g-3 dwInxx"
    />
  </table>
</div>
`;
